// Jest Snapshot v1, https://goo.gl/fbAQLP

exports[`Header renders 1`] = `
<DocumentFragment>
  <div
    class="wrapper"
  >
    <div
      class="title"
    >
      Title
    </div>
    <div
      aria-live="polite"
      class="currentDate"
    >
      Jan 10th
    </div>
  </div>
</DocumentFragment>
`;
