// Jest Snapshot v1, https://goo.gl/fbAQLP

exports[`useTheme creates valid ref 1`] = `
Object {
  "ref": Object {
    "current": null,
  },
  "setRef": [Function],
  "style": Object {
    "--baseColor": "#43a047",
    "--bgColor": "white",
    "--borderColor": "var(--gray)",
    "--borderRadius": "4px",
    "--calendarHeight": "200px",
    "--calendarWidth": "240px",
    "--datePickerWidth": "calc(var(--calendarWidth) + var(--innerPadding) * 2)",
    "--datepickerBorderRadius": "var(--borderRadius)",
    "--entryBorderRadius": "var(--borderRadius)",
    "--entryHeight": "32px",
    "--entryHighlightColor": "lightblue",
    "--entryHoverColor": "rgba(0, 0, 0, 0.08)",
    "--entryMargin": "1px",
    "--entrySelectedColor": "var(--baseColor)",
    "--fontFallback": "sans-serif",
    "--fontPrimary": "Helvetica Neue",
    "--fontSecondary": "Arial",
    "--fontSize": "14px",
    "--fontSizeBig": "24px",
    "--fontSizeSmall": "10px",
    "--fontWeight": "400",
    "--gray": "rgba(0, 0, 0, 0.38)",
    "--headerBgColor": "var(--baseColor)",
    "--headerTextColor": "white",
    "--innerPadding": "12px",
    "--inputBorderColor": "var(--gray)",
    "--inputBorderRadius": "var(--borderRadius)",
    "--inputHighlightColor": "lightblue",
    "--inputPadding": "8px",
    "--inputWidth": "90px",
    "--modalBgColor": "var(--gray)",
    "--selectorHeight": "36px",
    "--textColor": "black",
    "--weekDayColor": "var(--gray)",
    "--weekendTextColor": "red",
  },
}
`;

exports[`useTheme overrides default with custom theme when provided 1`] = `
<DocumentFragment>
  <div
    data-testid="styleContainer"
    style="--foo: bar;"
  >
    Theme PostCSS
  </div>
</DocumentFragment>
`;

exports[`useTheme overrides default with custom theme when provided 2`] = `
<DocumentFragment>
  <div
    data-testid="styleContainer"
    style="--foo: baz; --fiz: buz;"
  >
    Theme PostCSS
  </div>
</DocumentFragment>
`;

exports[`useTheme sets default theme to provided HTMLElement 1`] = `
<DocumentFragment>
  <div
    data-testid="styleContainer"
    style="--gray: rgba(0, 0, 0, 0.38); --baseColor: #43a047; --borderRadius: 4px; --fontPrimary: Helvetica Neue; --fontSecondary: Arial; --fontFallback: sans-serif; --fontSize: 14px; --fontWeight: 400; --fontSizeSmall: 10px; --fontSizeBig: 24px; --calendarWidth: 240px; --datePickerWidth: calc(var(--calendarWidth) + var(--innerPadding) * 2); --selectorHeight: 36px; --calendarHeight: 200px; --innerPadding: 12px; --entryHeight: 32px; --entryMargin: 1px; --datepickerBorderRadius: var(--borderRadius); --entryBorderRadius: var(--borderRadius); --bgColor: white; --textColor: black; --headerBgColor: var(--baseColor); --weekendTextColor: red; --headerTextColor: white; --borderColor: var(--gray); --modalBgColor: var(--gray); --weekDayColor: var(--gray); --entryHoverColor: rgba(0, 0, 0, 0.08); --entrySelectedColor: var(--baseColor); --entryHighlightColor: lightblue; --inputWidth: 90px; --inputPadding: 8px; --inputBorderRadius: var(--borderRadius); --inputBorderColor: var(--gray); --inputHighlightColor: lightblue;"
  >
    Theme PostCSS
  </div>
</DocumentFragment>
`;
