// Jest Snapshot v1, https://goo.gl/fbAQLP

exports[`withLocaleContext returns valid React Component 1`] = `Mock`;
