// Jest Snapshot v1, https://goo.gl/fbAQLP

exports[`withTheme returns valid React Component 1`] = `Mock`;
