// Jest Snapshot v1, https://goo.gl/fbAQLP

exports[`WeekDay it renders 1`] = `
<DocumentFragment>
  <div
    aria-label="wide"
    class="wrapper"
  />
</DocumentFragment>
`;
