// Jest Snapshot v1, https://goo.gl/fbAQLP

exports[`useOnClickOutside renders 1`] = `
<Component>
  <div />
</Component>
`;
