// Jest Snapshot v1, https://goo.gl/fbAQLP

exports[`environment > App renders without crashing 1`] = `
<DocumentFragment>
  <div
    class="app"
  >
    <div
      class="container"
    >
      <div
        aria-label="Demo datepicker"
        class="datepickerWrapper"
        role="dialog"
        style="--gray: rgba(0, 0, 0, 0.38); --baseColor: purple; --borderRadius: 4px; --fontPrimary: Helvetica Neue; --fontSecondary: Arial; --fontFallback: sans-serif; --fontSize: 14px; --fontWeight: 400; --fontSizeSmall: 10px; --fontSizeBig: 24px; --calendarWidth: 240px; --datePickerWidth: calc(var(--calendarWidth) + var(--innerPadding) * 2); --selectorHeight: 36px; --calendarHeight: 200px; --innerPadding: 12px; --entryHeight: 32px; --entryMargin: 1px; --datepickerBorderRadius: var(--borderRadius); --entryBorderRadius: var(--borderRadius); --bgColor: white; --textColor: black; --headerBgColor: var(--baseColor); --weekendTextColor: red; --headerTextColor: white; --borderColor: var(--gray); --modalBgColor: var(--gray); --weekDayColor: var(--gray); --entryHoverColor: rgba(0, 0, 0, 0.08); --entrySelectedColor: var(--baseColor); --entryHighlightColor: lightblue; --inputWidth: 90px; --inputPadding: 8px; --inputBorderRadius: var(--borderRadius); --inputBorderColor: var(--gray); --inputHighlightColor: lightblue;"
      >
        <div
          class="wrapper"
        >
          <div
            class="title"
          >
            Demo datepicker
          </div>
          <div
            aria-live="polite"
            class="currentDate"
          >
            Jan 6th
          </div>
        </div>
        <div
          class="wrapper"
        >
          <div
            class="buttons"
          >
            <button
              aria-live="polite"
              type="button"
            >
              2020
            </button>
            <button
              aria-live="polite"
              type="button"
            >
              January
            </button>
            <button
              aria-live="polite"
              type="button"
            >
              6
            </button>
          </div>
        </div>
        <div
          class="grid"
        >
          <fieldset
            class="fieldset"
          >
            <label
              class="inputGroup"
            >
              <button
                aria-label="increment"
                class="increment"
                type="button"
              />
              <input
                class="input"
                max="12"
                min="0"
                placeholder="hh"
                type="number"
                value="00"
              />
              <button
                aria-label="decrement"
                class="decrement"
                type="button"
              />
            </label>
            <span
              class="separator"
            >
              :
            </span>
            <label
              class="inputGroup"
            >
              <button
                aria-label="increment"
                class="increment"
                disabled=""
                type="button"
              />
              <input
                class="input"
                max="60"
                maxlength="2"
                min="0"
                placeholder="mm"
                readonly=""
                type="number"
                value="00"
              />
              <button
                aria-label="decrement"
                class="decrement"
                disabled=""
                type="button"
              />
            </label>
            <div
              class="dayTime"
            >
              <button
                disabled=""
                type="button"
              >
                am
              </button>
              <button
                type="button"
              >
                pm
              </button>
            </div>
            <div
              class="action"
            >
              <button
                type="button"
              >
                âœ“
              </button>
            </div>
          </fieldset>
        </div>
      </div>
    </div>
    <div
      class="container"
    >
      <div>
        <input
          class="input"
          readonly=""
          style="--gray: rgba(0, 0, 0, 0.38); --baseColor: #43a047; --borderRadius: 4px; --fontPrimary: Helvetica Neue; --fontSecondary: Arial; --fontFallback: sans-serif; --fontSize: 14px; --fontWeight: 400; --fontSizeSmall: 10px; --fontSizeBig: 24px; --calendarWidth: 240px; --datePickerWidth: calc(var(--calendarWidth) + var(--innerPadding) * 2); --selectorHeight: 36px; --calendarHeight: 200px; --innerPadding: 12px; --entryHeight: 32px; --entryMargin: 1px; --datepickerBorderRadius: var(--borderRadius); --entryBorderRadius: var(--borderRadius); --bgColor: white; --textColor: black; --headerBgColor: var(--baseColor); --weekendTextColor: red; --headerTextColor: white; --borderColor: var(--gray); --modalBgColor: var(--gray); --weekDayColor: var(--gray); --entryHoverColor: rgba(0, 0, 0, 0.08); --entrySelectedColor: var(--baseColor); --entryHighlightColor: lightblue; --inputWidth: 90px; --inputPadding: 8px; --inputBorderRadius: var(--borderRadius); --inputBorderColor: var(--gray); --inputHighlightColor: lightblue;"
          type="text"
          value="01/08/2020"
        />
      </div>
    </div>
  </div>
</DocumentFragment>
`;
