// Jest Snapshot v1, https://goo.gl/fbAQLP

exports[`PopoverWrapper renders 1`] = `
<div
  id="wrapper"
>
  <div
    class="wrapper bottom"
    style="--gray: rgba(0, 0, 0, 0.38); --baseColor: #43a047; --borderRadius: 4px; --fontPrimary: Helvetica Neue; --fontSecondary: Arial; --fontFallback: sans-serif; --fontSize: 14px; --fontWeight: 400; --fontSizeSmall: 10px; --fontSizeBig: 24px; --calendarWidth: 240px; --datePickerWidth: calc(var(--calendarWidth) + var(--innerPadding) * 2); --selectorHeight: 36px; --calendarHeight: 200px; --innerPadding: 12px; --entryHeight: 32px; --entryMargin: 1px; --datepickerBorderRadius: var(--borderRadius); --entryBorderRadius: var(--borderRadius); --bgColor: white; --textColor: black; --headerBgColor: var(--baseColor); --weekendTextColor: red; --headerTextColor: white; --borderColor: var(--gray); --modalBgColor: var(--gray); --weekDayColor: var(--gray); --entryHoverColor: rgba(0, 0, 0, 0.08); --entrySelectedColor: var(--baseColor); --entryHighlightColor: lightblue; --inputWidth: 90px; --inputPadding: 8px; --inputBorderRadius: var(--borderRadius); --inputBorderColor: var(--gray); --inputHighlightColor: lightblue;"
  >
    <div
      class="triangle bottom"
    />
    <div
      data-testid="modalContent"
    >
      Mock
    </div>
  </div>
</div>
`;

exports[`PopoverWrapper renders 2`] = `
<div
  id="wrapper"
>
  <div
    class="wrapper top"
    style="--gray: rgba(0, 0, 0, 0.38); --baseColor: #43a047; --borderRadius: 4px; --fontPrimary: Helvetica Neue; --fontSecondary: Arial; --fontFallback: sans-serif; --fontSize: 14px; --fontWeight: 400; --fontSizeSmall: 10px; --fontSizeBig: 24px; --calendarWidth: 240px; --datePickerWidth: calc(var(--calendarWidth) + var(--innerPadding) * 2); --selectorHeight: 36px; --calendarHeight: 200px; --innerPadding: 12px; --entryHeight: 32px; --entryMargin: 1px; --datepickerBorderRadius: var(--borderRadius); --entryBorderRadius: var(--borderRadius); --bgColor: white; --textColor: black; --headerBgColor: var(--baseColor); --weekendTextColor: red; --headerTextColor: white; --borderColor: var(--gray); --modalBgColor: var(--gray); --weekDayColor: var(--gray); --entryHoverColor: rgba(0, 0, 0, 0.08); --entrySelectedColor: var(--baseColor); --entryHighlightColor: lightblue; --inputWidth: 90px; --inputPadding: 8px; --inputBorderRadius: var(--borderRadius); --inputBorderColor: var(--gray); --inputHighlightColor: lightblue;"
  >
    <div
      class="triangle top"
    />
    <div
      data-testid="modalContent"
    >
      Mock
    </div>
  </div>
</div>
`;

exports[`PopoverWrapper renders 3`] = `
<div
  id="wrapper"
>
  <div
    class="wrapper left"
    style="--gray: rgba(0, 0, 0, 0.38); --baseColor: #43a047; --borderRadius: 4px; --fontPrimary: Helvetica Neue; --fontSecondary: Arial; --fontFallback: sans-serif; --fontSize: 14px; --fontWeight: 400; --fontSizeSmall: 10px; --fontSizeBig: 24px; --calendarWidth: 240px; --datePickerWidth: calc(var(--calendarWidth) + var(--innerPadding) * 2); --selectorHeight: 36px; --calendarHeight: 200px; --innerPadding: 12px; --entryHeight: 32px; --entryMargin: 1px; --datepickerBorderRadius: var(--borderRadius); --entryBorderRadius: var(--borderRadius); --bgColor: white; --textColor: black; --headerBgColor: var(--baseColor); --weekendTextColor: red; --headerTextColor: white; --borderColor: var(--gray); --modalBgColor: var(--gray); --weekDayColor: var(--gray); --entryHoverColor: rgba(0, 0, 0, 0.08); --entrySelectedColor: var(--baseColor); --entryHighlightColor: lightblue; --inputWidth: 90px; --inputPadding: 8px; --inputBorderRadius: var(--borderRadius); --inputBorderColor: var(--gray); --inputHighlightColor: lightblue;"
  >
    <div
      class="triangle left"
    />
    <div
      data-testid="modalContent"
    >
      Mock
    </div>
  </div>
</div>
`;

exports[`PopoverWrapper renders 4`] = `
<div
  id="wrapper"
>
  <div
    class="wrapper right"
    style="--gray: rgba(0, 0, 0, 0.38); --baseColor: #43a047; --borderRadius: 4px; --fontPrimary: Helvetica Neue; --fontSecondary: Arial; --fontFallback: sans-serif; --fontSize: 14px; --fontWeight: 400; --fontSizeSmall: 10px; --fontSizeBig: 24px; --calendarWidth: 240px; --datePickerWidth: calc(var(--calendarWidth) + var(--innerPadding) * 2); --selectorHeight: 36px; --calendarHeight: 200px; --innerPadding: 12px; --entryHeight: 32px; --entryMargin: 1px; --datepickerBorderRadius: var(--borderRadius); --entryBorderRadius: var(--borderRadius); --bgColor: white; --textColor: black; --headerBgColor: var(--baseColor); --weekendTextColor: red; --headerTextColor: white; --borderColor: var(--gray); --modalBgColor: var(--gray); --weekDayColor: var(--gray); --entryHoverColor: rgba(0, 0, 0, 0.08); --entrySelectedColor: var(--baseColor); --entryHighlightColor: lightblue; --inputWidth: 90px; --inputPadding: 8px; --inputBorderRadius: var(--borderRadius); --inputBorderColor: var(--gray); --inputHighlightColor: lightblue;"
  >
    <div
      class="triangle right"
    />
    <div
      data-testid="modalContent"
    >
      Mock
    </div>
  </div>
</div>
`;
