// Jest Snapshot v1, https://goo.gl/fbAQLP

exports[`withModalProvider creates DatepickerProvider HOC 1`] = `
<DocumentFragment>
  Child
</DocumentFragment>
`;
