// Jest Snapshot v1, https://goo.gl/fbAQLP

exports[`MonthGrid renders 1`] = `
<DocumentFragment>
  <div
    class="foo"
    role="grid"
  >
    <div>
      Mock
    </div>
  </div>
</DocumentFragment>
`;
