// Jest Snapshot v1, https://goo.gl/fbAQLP

exports[`MonthGrid renders 1`] = `
<DocumentFragment>
  <div
    class="scrollContainer"
  >
    <div
      class="grid"
    >
      <div>
        Mock
      </div>
    </div>
  </div>
</DocumentFragment>
`;
